
                         Lattice Mapping Report File

Design:  top
Family:  iCE40UP
Device:  iCE40UP5K
Package: SG48
Performance Grade:  High-Performance_1.2V

Mapper:    version Radiant Software (64-bit) 2026.1.0.37.0
Mapped on: Wed Sep 23 05:03:59 2026

Design Information
------------------

Command line:   map -i lab3_aiproto1_ai1_syn.udb -o lab3_aiproto1_ai1_map.udb
     -mp lab3_aiproto1_ai1.mrp -hierrpt -gui -msgset C:/Users/nko/Documents/GitH
     ub/E155-Labs/E155-Lab3/fpga/ai1/lab3_aiproto1/promote.xml

Design Summary
--------------

   Number of slice registers:  83 out of  5280 (2%)
   Number of I/O registers:      0 out of   117 (0%)
   Number of LUT4s:           200 out of  5280 (4%)
      Number of logic LUT4s:             121
      Number of inserted feedthru LUT4s:   8
      Number of replicated LUT4s:          3
      Number of ripple logic:             34 (68 LUT4s)
   Number of IO sites used:   18 out of 39 (46%)
      Number of IO sites used for general PIO: 18
      Number of IO sites used for I3C: 0 out of 2 (0%)
      (note: If I3C is not used, its site can be used as general PIO)
      Number of IO sites used for PIO+I3C: 18 out of 36 (50%)
      Number of IO sites used for OD+RGB IO buffers: 0 out of 3 (0%)
      (note: If RGB LED drivers are not used, sites can be used as OD outputs,
       see TN1288 iCE40 LED Driver Usage Guide)
      Number of IO sites used for PIO+I3C+OD+RGB: 18 out of 39 (46%)
   Number of DSPs:             0 out of 8 (0%)
   Number of I2Cs:             0 out of 2 (0%)
   Number of High Speed OSCs:  1 out of 1 (100%)
   Number of Low Speed OSCs:   0 out of 1 (0%)
   Number of RGB PWM:          0 out of 1 (0%)
   Number of RGB Drivers:      0 out of 1 (0%)
   Number of SCL FILTERs:      0 out of 2 (0%)
   Number of SRAMs:            0 out of 4 (0%)
   Number of WARMBOOTs:        0 out of 1 (0%)
   Number of SPIs:             0 out of 2 (0%)
   Number of EBRs:             0 out of 30 (0%)
   Number of PLLs:             0 out of 1 (0%)
   Number of Clocks:  1
      Net clk: 83 loads, 83 rising, 0 falling (Driver: Pin hf_osc_inst/CLKHF)
   Number of Clock Enables:  3
      Net VCC_net: 1 loads, 0 SLICEs
      Net key_valid: 8 loads, 8 SLICEs
      Net u_keypad.n457: 4 loads, 4 SLICEs
   Number of LSRs:  1
      Net key_valid_N_189: 83 loads, 83 SLICEs
   Top 10 highest fanout non-clock nets:
      Net key_valid_N_189: 83 loads
      Net u_clk_gen.mux_tick_N_187: 32 loads
      Net u_clk_gen.scan_tick_N_185: 32 loads

                                    Page 1





Design Summary (cont)
---------------------
      Net key_valid: 8 loads
      Net u_keypad.col_idx[0]: 8 loads
      Net scan_tick: 7 loads
      Net state[1]: 7 loads
      Net u_display.current_nibble[0]: 7 loads
      Net u_display.current_nibble[1]: 7 loads
      Net u_keypad.col_idx[1]: 7 loads





   Number of warnings:  0
   Number of criticals: 0
   Number of errors:    0

Design Errors/Criticals/Warnings
--------------------------------

   No error, critical, or warning presents.

IO (PIO) Attributes
-------------------

+---------------------+-----------+-----------+-------+-------+-----------+
| IO Name             | Direction | Levelmode |  IO   |  IO   | Special   |
|                     |           |  IO_TYPE  |  REG  |  DDR  | IO Buffer |
+---------------------+-----------+-----------+-------+-------+-----------+
| ext_rst_n           | INPUT     |           |       |       |           |
+---------------------+-----------+-----------+-------+-------+-----------+
| kp_rows[3]          | INPUT     |           |       |       |           |
+---------------------+-----------+-----------+-------+-------+-----------+
| kp_rows[2]          | INPUT     |           |       |       |           |
+---------------------+-----------+-----------+-------+-------+-----------+
| kp_rows[1]          | INPUT     |           |       |       |           |
+---------------------+-----------+-----------+-------+-------+-----------+
| kp_rows[0]          | INPUT     |           |       |       |           |
+---------------------+-----------+-----------+-------+-------+-----------+
| kp_cols[3]          | OUTPUT    |           |       |       |           |
+---------------------+-----------+-----------+-------+-------+-----------+
| kp_cols[2]          | OUTPUT    |           |       |       |           |
+---------------------+-----------+-----------+-------+-------+-----------+
| kp_cols[1]          | OUTPUT    |           |       |       |           |
+---------------------+-----------+-----------+-------+-------+-----------+
| kp_cols[0]          | OUTPUT    |           |       |       |           |
+---------------------+-----------+-----------+-------+-------+-----------+
| digit_sel[1]        | OUTPUT    |           |       |       |           |
+---------------------+-----------+-----------+-------+-------+-----------+
| digit_sel[0]        | OUTPUT    |           |       |       |           |
+---------------------+-----------+-----------+-------+-------+-----------+
| seg[6]              | OUTPUT    |           |       |       |           |
+---------------------+-----------+-----------+-------+-------+-----------+
| seg[5]              | OUTPUT    |           |       |       |           |
+---------------------+-----------+-----------+-------+-------+-----------+
| seg[4]              | OUTPUT    |           |       |       |           |
+---------------------+-----------+-----------+-------+-------+-----------+
| seg[3]              | OUTPUT    |           |       |       |           |
+---------------------+-----------+-----------+-------+-------+-----------+

                                    Page 2





IO (PIO) Attributes (cont)
--------------------------
| seg[2]              | OUTPUT    |           |       |       |           |
+---------------------+-----------+-----------+-------+-------+-----------+
| seg[1]              | OUTPUT    |           |       |       |           |
+---------------------+-----------+-----------+-------+-------+-----------+
| seg[0]              | OUTPUT    |           |       |       |           |
+---------------------+-----------+-----------+-------+-------+-----------+

Removed logic
-------------

Block i1 was optimized away.

OSC Summary
-----------

OSC 1:                                 Pin/Node Value
  OSC Instance Name:                            hf_osc_inst
  Power UP:                            NODE     VCC_net
  Enable Signal:                       NODE     VCC_net
  OSC Output:                          NODE     clk
  DIV Setting:                                  01

ASIC Components
---------------

Instance Name: hf_osc_inst
         Type: HFOSC

Constraint Summary
------------------

   Total number of constraints: 2
   Total number of constraints dropped: 0

Run Time and Memory Usage
-------------------------

   Total CPU Time: 0 secs
   Total REAL Time: 0 secs
   Peak Memory Usage: 66 MB
Checksum -- map: 19dda2258ee3efd7f83b3c0bf6d9d5a1eb6ff422

















                                    Page 3


Copyright (c) 1991-1994 by NeoCAD Inc. All rights reserved.
Copyright (c) 1995
     AT&T Corp.   All rights reserved.
Copyright (c) 1995-2001 Lucent
     Technologies Inc.  All rights reserved.
Copyright (c) 2001 Agere Systems
     All rights reserved.
Copyright (c) 2002-2026 Lattice Semiconductor
     Corporation,  All rights reserved.
