
                         Lattice Mapping Report File

Design:  display_multiplexer
Family:  iCE40UP
Device:  iCE40UP5K
Package: SG48
Performance Grade:  High-Performance_1.2V

Mapper:    version Radiant Software (64-bit) 2026.1.0.37.0
Mapped on: Mon Sep 14 00:50:04 2026

Design Information
------------------

Command line:   map -i lab2_aiproto2_impl_1_syn.udb -o
     lab2_aiproto2_impl_1_map.udb -mp lab2_aiproto2_impl_1.mrp -hierrpt -gui
     -msgset C:/Users/nko/Documents/GitHub/E155-Labs/E155-Lab2/lab2_aiproto2/pro
     mote.xml

Design Summary
--------------

   Number of slice registers:  24 out of  5280 (<1%)
   Number of I/O registers:     14 out of   117 (12%)
   Number of LUT4s:            59 out of  5280 (1%)
      Number of logic LUT4s:              35
      Number of ripple logic:             12 (24 LUT4s)
   Number of IO sites used:   23 out of 39 (59%)
      Number of IO sites used for general PIO: 23
      Number of IO sites used for I3C: 0 out of 2 (0%)
      (note: If I3C is not used, its site can be used as general PIO)
      Number of IO sites used for PIO+I3C: 23 out of 36 (64%)
      Number of IO sites used for OD+RGB IO buffers: 0 out of 3 (0%)
      (note: If RGB LED drivers are not used, sites can be used as OD outputs,
       see TN1288 iCE40 LED Driver Usage Guide)
      Number of IO sites used for PIO+I3C+OD+RGB: 23 out of 39 (59%)
   Number of DSPs:             0 out of 8 (0%)
   Number of I2Cs:             0 out of 2 (0%)
   Number of High Speed OSCs:  1 out of 1 (100%)
   Number of Low Speed OSCs:   0 out of 1 (0%)
   Number of RGB PWM:          0 out of 1 (0%)
   Number of RGB Drivers:      0 out of 1 (0%)
   Number of SCL FILTERs:      0 out of 2 (0%)
   Number of SRAMs:            0 out of 4 (0%)
   Number of WARMBOOTs:        0 out of 1 (0%)
   Number of SPIs:             0 out of 2 (0%)
   Number of EBRs:             0 out of 30 (0%)
   Number of PLLs:             0 out of 1 (0%)
   Number of Clocks:  1
      Net clk: 27 loads, 27 rising, 0 falling (Driver: Pin hf_osc/CLKHF)
   Number of Clock Enables:  3
      Net VCC_net: 1 loads, 0 SLICEs
      Net clk_enable_14: 7 loads, 0 SLICEs
      Net clk_enable_13: 7 loads, 0 SLICEs
   Number of LSRs:  2
      Net n108: 1 loads, 1 SLICEs
      Net freq_divider.n110: 12 loads, 12 SLICEs
   Top 10 highest fanout non-clock nets:
      Net freq_divider.n110: 12 loads
      Net reset_c: 11 loads
      Net current_val[0]: 10 loads

                                    Page 1





Design Summary (cont)
---------------------
      Net current_val[1]: 10 loads
      Net current_val[2]: 10 loads
      Net clk_enable_13: 7 loads
      Net clk_enable_14: 7 loads
      Net current_val[3]: 7 loads
      Net select: 7 loads
      Net VCC_net: 3 loads





   Number of warnings:  0
   Number of criticals: 0
   Number of errors:    0

Design Errors/Criticals/Warnings
--------------------------------

   No error, critical, or warning presents.

IO (PIO) Attributes
-------------------

+---------------------+-----------+-----------+-------+-------+-----------+
| IO Name             | Direction | Levelmode |  IO   |  IO   | Special   |
|                     |           |  IO_TYPE  |  REG  |  DDR  | IO Buffer |
+---------------------+-----------+-----------+-------+-------+-----------+
| reset               | INPUT     |           |       |       |           |
+---------------------+-----------+-----------+-------+-------+-----------+
| val0[3]             | INPUT     |           |       |       |           |
+---------------------+-----------+-----------+-------+-------+-----------+
| val0[2]             | INPUT     |           |       |       |           |
+---------------------+-----------+-----------+-------+-------+-----------+
| val0[1]             | INPUT     |           |       |       |           |
+---------------------+-----------+-----------+-------+-------+-----------+
| val0[0]             | INPUT     |           |       |       |           |
+---------------------+-----------+-----------+-------+-------+-----------+
| val1[3]             | INPUT     |           |       |       |           |
+---------------------+-----------+-----------+-------+-------+-----------+
| val1[2]             | INPUT     |           |       |       |           |
+---------------------+-----------+-----------+-------+-------+-----------+
| val1[1]             | INPUT     |           |       |       |           |
+---------------------+-----------+-----------+-------+-------+-----------+
| val1[0]             | INPUT     |           |       |       |           |
+---------------------+-----------+-----------+-------+-------+-----------+
| seg0[6]             | OUTPUT    |           | O     |       |           |
+---------------------+-----------+-----------+-------+-------+-----------+
| seg0[5]             | OUTPUT    |           | O     |       |           |
+---------------------+-----------+-----------+-------+-------+-----------+
| seg0[4]             | OUTPUT    |           | O     |       |           |
+---------------------+-----------+-----------+-------+-------+-----------+
| seg0[3]             | OUTPUT    |           | O     |       |           |
+---------------------+-----------+-----------+-------+-------+-----------+
| seg0[2]             | OUTPUT    |           | O     |       |           |
+---------------------+-----------+-----------+-------+-------+-----------+
| seg0[1]             | OUTPUT    |           | O     |       |           |
+---------------------+-----------+-----------+-------+-------+-----------+

                                    Page 2





IO (PIO) Attributes (cont)
--------------------------
| seg0[0]             | OUTPUT    |           | O     |       |           |
+---------------------+-----------+-----------+-------+-------+-----------+
| seg1[6]             | OUTPUT    |           | O     |       |           |
+---------------------+-----------+-----------+-------+-------+-----------+
| seg1[5]             | OUTPUT    |           | O     |       |           |
+---------------------+-----------+-----------+-------+-------+-----------+
| seg1[4]             | OUTPUT    |           | O     |       |           |
+---------------------+-----------+-----------+-------+-------+-----------+
| seg1[3]             | OUTPUT    |           | O     |       |           |
+---------------------+-----------+-----------+-------+-------+-----------+
| seg1[2]             | OUTPUT    |           | O     |       |           |
+---------------------+-----------+-----------+-------+-------+-----------+
| seg1[1]             | OUTPUT    |           | O     |       |           |
+---------------------+-----------+-----------+-------+-------+-----------+
| seg1[0]             | OUTPUT    |           | O     |       |           |
+---------------------+-----------+-----------+-------+-------+-----------+

Removed logic
-------------

Block i1 was optimized away.

OSC Summary
-----------

OSC 1:                                 Pin/Node Value
  OSC Instance Name:                            hf_osc
  Power UP:                            NODE     VCC_net
  Enable Signal:                       NODE     VCC_net
  OSC Output:                          NODE     clk
  DIV Setting:                                  01

ASIC Components
---------------

Instance Name: hf_osc
         Type: HFOSC
Instance Name: seg0_i0_i5
         Type: IOLOGIC
Instance Name: seg0_i0_i4
         Type: IOLOGIC
Instance Name: seg0_i0_i3
         Type: IOLOGIC
Instance Name: seg0_i0_i2
         Type: IOLOGIC
Instance Name: seg0_i0_i1
         Type: IOLOGIC
Instance Name: seg0_i0_i0
         Type: IOLOGIC
Instance Name: seg1_i0_i5
         Type: IOLOGIC
Instance Name: seg1_i0_i4
         Type: IOLOGIC
Instance Name: seg1_i0_i3
         Type: IOLOGIC
Instance Name: seg1_i0_i2
         Type: IOLOGIC

                                    Page 3





ASIC Components (cont)
----------------------
Instance Name: seg1_i0_i1
         Type: IOLOGIC
Instance Name: seg1_i0_i0
         Type: IOLOGIC
Instance Name: seg0_i0_i6
         Type: IOLOGIC
Instance Name: seg1_i0_i6
         Type: IOLOGIC

Constraint Summary
------------------

   Total number of constraints: 2
   Total number of constraints dropped: 0

Run Time and Memory Usage
-------------------------

   Total CPU Time: 0 secs
   Total REAL Time: 0 secs
   Peak Memory Usage: 65 MB
Checksum -- map: e2103dd39f83e278bc6b78e6bd06274d2d6c96ea




































                                    Page 4


Copyright (c) 1991-1994 by NeoCAD Inc. All rights reserved.
Copyright (c) 1995
     AT&T Corp.   All rights reserved.
Copyright (c) 1995-2001 Lucent
     Technologies Inc.  All rights reserved.
Copyright (c) 2001 Agere Systems
     All rights reserved.
Copyright (c) 2002-2026 Lattice Semiconductor
     Corporation,  All rights reserved.
